Analysis & Synthesis report for memory_game
Mon May 03 21:35:43 2021
Quartus Prime Version 16.1.0 Build 196 10/24/2016 SJ Lite Edition


---------------------
; Table of Contents ;
---------------------
  1. Legal Notice
  2. Analysis & Synthesis Summary
  3. Analysis & Synthesis Settings
  4. Parallel Compilation
  5. Analysis & Synthesis Source Files Read
  6. Analysis & Synthesis Resource Usage Summary
  7. Analysis & Synthesis Resource Utilization by Entity
  8. Analysis & Synthesis IP Cores Summary
  9. User-Specified and Inferred Latches
 10. Registers Removed During Synthesis
 11. General Register Statistics
 12. Inverted Register Statistics
 13. Multiplexer Restructuring Statistics (Restructuring Performed)
 14. Parameter Settings for User Entity Instance: my_altpll:alt_pll_inst|my_altpll_0002:my_altpll_inst|altera_pll:altera_pll_i
 15. Port Connectivity Checks: "input_handler:input_handler_inst"
 16. Port Connectivity Checks: "my_altpll:alt_pll_inst"
 17. Port Connectivity Checks: "clk_divider:clk_div_inst"
 18. Port Connectivity Checks: "color_map:color_map_inst"
 19. Post-Synthesis Netlist Statistics for Top Partition
 20. Elapsed Time Per Partition
 21. Analysis & Synthesis Messages



----------------
; Legal Notice ;
----------------
Copyright (C) 2016  Intel Corporation. All rights reserved.
Your use of Intel Corporation's design tools, logic functions 
and other software and tools, and its AMPP partner logic 
functions, and any output files from any of the foregoing 
(including device programming or simulation files), and any 
associated documentation or information are expressly subject 
to the terms and conditions of the Intel Program License 
Subscription Agreement, the Intel Quartus Prime License Agreement,
the Intel MegaCore Function License Agreement, or other 
applicable license agreement, including, without limitation, 
that your use is for the sole purpose of programming logic 
devices manufactured by Intel and sold by Intel or its 
authorized distributors.  Please refer to the applicable 
agreement for further details.



+-------------------------------------------------------------------------------+
; Analysis & Synthesis Summary                                                  ;
+---------------------------------+---------------------------------------------+
; Analysis & Synthesis Status     ; Successful - Mon May 03 21:35:43 2021       ;
; Quartus Prime Version           ; 16.1.0 Build 196 10/24/2016 SJ Lite Edition ;
; Revision Name                   ; memory_game                                 ;
; Top-level Entity Name           ; memory_game                                 ;
; Family                          ; Cyclone V                                   ;
; Logic utilization (in ALMs)     ; N/A                                         ;
; Total registers                 ; 109                                         ;
; Total pins                      ; 43                                          ;
; Total virtual pins              ; 0                                           ;
; Total block memory bits         ; 0                                           ;
; Total DSP Blocks                ; 0                                           ;
; Total HSSI RX PCSs              ; 0                                           ;
; Total HSSI PMA RX Deserializers ; 0                                           ;
; Total HSSI TX PCSs              ; 0                                           ;
; Total HSSI PMA TX Serializers   ; 0                                           ;
; Total PLLs                      ; 0                                           ;
; Total DLLs                      ; 0                                           ;
+---------------------------------+---------------------------------------------+


+---------------------------------------------------------------------------------------------------------------------------+
; Analysis & Synthesis Settings                                                                                             ;
+---------------------------------------------------------------------------------+--------------------+--------------------+
; Option                                                                          ; Setting            ; Default Value      ;
+---------------------------------------------------------------------------------+--------------------+--------------------+
; Device                                                                          ; 5CSEMA5F31C6       ;                    ;
; Top-level entity name                                                           ; memory_game        ; memory_game        ;
; Family name                                                                     ; Cyclone V          ; Cyclone V          ;
; Use smart compilation                                                           ; Off                ; Off                ;
; Enable parallel Assembler and TimeQuest Timing Analyzer during compilation      ; On                 ; On                 ;
; Enable compact report table                                                     ; Off                ; Off                ;
; Restructure Multiplexers                                                        ; Auto               ; Auto               ;
; MLAB Add Timing Constraints For Mixed-Port Feed-Through Mode Setting Don't Care ; Off                ; Off                ;
; Create Debugging Nodes for IP Cores                                             ; Off                ; Off                ;
; Preserve fewer node names                                                       ; On                 ; On                 ;
; OpenCore Plus hardware evaluation                                               ; Enable             ; Enable             ;
; Verilog Version                                                                 ; Verilog_2001       ; Verilog_2001       ;
; VHDL Version                                                                    ; VHDL_1993          ; VHDL_1993          ;
; State Machine Processing                                                        ; Auto               ; Auto               ;
; Safe State Machine                                                              ; Off                ; Off                ;
; Extract Verilog State Machines                                                  ; On                 ; On                 ;
; Extract VHDL State Machines                                                     ; On                 ; On                 ;
; Ignore Verilog initial constructs                                               ; Off                ; Off                ;
; Iteration limit for constant Verilog loops                                      ; 5000               ; 5000               ;
; Iteration limit for non-constant Verilog loops                                  ; 250                ; 250                ;
; Add Pass-Through Logic to Inferred RAMs                                         ; On                 ; On                 ;
; Infer RAMs from Raw Logic                                                       ; On                 ; On                 ;
; Parallel Synthesis                                                              ; On                 ; On                 ;
; DSP Block Balancing                                                             ; Auto               ; Auto               ;
; NOT Gate Push-Back                                                              ; On                 ; On                 ;
; Power-Up Don't Care                                                             ; On                 ; On                 ;
; Remove Redundant Logic Cells                                                    ; Off                ; Off                ;
; Remove Duplicate Registers                                                      ; On                 ; On                 ;
; Ignore CARRY Buffers                                                            ; Off                ; Off                ;
; Ignore CASCADE Buffers                                                          ; Off                ; Off                ;
; Ignore GLOBAL Buffers                                                           ; Off                ; Off                ;
; Ignore ROW GLOBAL Buffers                                                       ; Off                ; Off                ;
; Ignore LCELL Buffers                                                            ; Off                ; Off                ;
; Ignore SOFT Buffers                                                             ; On                 ; On                 ;
; Limit AHDL Integers to 32 Bits                                                  ; Off                ; Off                ;
; Optimization Technique                                                          ; Balanced           ; Balanced           ;
; Carry Chain Length                                                              ; 70                 ; 70                 ;
; Auto Carry Chains                                                               ; On                 ; On                 ;
; Auto Open-Drain Pins                                                            ; On                 ; On                 ;
; Perform WYSIWYG Primitive Resynthesis                                           ; Off                ; Off                ;
; Auto ROM Replacement                                                            ; On                 ; On                 ;
; Auto RAM Replacement                                                            ; On                 ; On                 ;
; Auto DSP Block Replacement                                                      ; On                 ; On                 ;
; Auto Shift Register Replacement                                                 ; Auto               ; Auto               ;
; Allow Shift Register Merging across Hierarchies                                 ; Auto               ; Auto               ;
; Auto Clock Enable Replacement                                                   ; On                 ; On                 ;
; Strict RAM Replacement                                                          ; Off                ; Off                ;
; Allow Synchronous Control Signals                                               ; On                 ; On                 ;
; Force Use of Synchronous Clear Signals                                          ; Off                ; Off                ;
; Auto Resource Sharing                                                           ; Off                ; Off                ;
; Allow Any RAM Size For Recognition                                              ; Off                ; Off                ;
; Allow Any ROM Size For Recognition                                              ; Off                ; Off                ;
; Allow Any Shift Register Size For Recognition                                   ; Off                ; Off                ;
; Use LogicLock Constraints during Resource Balancing                             ; On                 ; On                 ;
; Ignore translate_off and synthesis_off directives                               ; Off                ; Off                ;
; Timing-Driven Synthesis                                                         ; On                 ; On                 ;
; Report Parameter Settings                                                       ; On                 ; On                 ;
; Report Source Assignments                                                       ; On                 ; On                 ;
; Report Connectivity Checks                                                      ; On                 ; On                 ;
; Ignore Maximum Fan-Out Assignments                                              ; Off                ; Off                ;
; Synchronization Register Chain Length                                           ; 3                  ; 3                  ;
; PowerPlay Power Optimization During Synthesis                                   ; Normal compilation ; Normal compilation ;
; HDL message level                                                               ; Level2             ; Level2             ;
; Suppress Register Optimization Related Messages                                 ; Off                ; Off                ;
; Number of Removed Registers Reported in Synthesis Report                        ; 5000               ; 5000               ;
; Number of Swept Nodes Reported in Synthesis Report                              ; 5000               ; 5000               ;
; Number of Inverted Registers Reported in Synthesis Report                       ; 100                ; 100                ;
; Clock MUX Protection                                                            ; On                 ; On                 ;
; Auto Gated Clock Conversion                                                     ; Off                ; Off                ;
; Block Design Naming                                                             ; Auto               ; Auto               ;
; SDC constraint protection                                                       ; Off                ; Off                ;
; Synthesis Effort                                                                ; Auto               ; Auto               ;
; Shift Register Replacement - Allow Asynchronous Clear Signal                    ; On                 ; On                 ;
; Pre-Mapping Resynthesis Optimization                                            ; Off                ; Off                ;
; Analysis & Synthesis Message Level                                              ; Medium             ; Medium             ;
; Disable Register Merging Across Hierarchies                                     ; Auto               ; Auto               ;
; Resource Aware Inference For Block RAM                                          ; On                 ; On                 ;
; Automatic Parallel Synthesis                                                    ; On                 ; On                 ;
; Partial Reconfiguration Bitstream ID                                            ; Off                ; Off                ;
+---------------------------------------------------------------------------------+--------------------+--------------------+


+------------------------------------------+
; Parallel Compilation                     ;
+----------------------------+-------------+
; Processors                 ; Number      ;
+----------------------------+-------------+
; Number detected on machine ; 8           ;
; Maximum allowed            ; 4           ;
;                            ;             ;
; Average used               ; 1.00        ;
; Maximum used               ; 4           ;
;                            ;             ;
; Usage by Processor         ; % Time Used ;
;     Processor 1            ; 100.0%      ;
;     Processor 2            ;   0.0%      ;
;     Processors 3-4         ;   0.0%      ;
+----------------------------+-------------+


+--------------------------------------------------------------------------------------------------------------------------------------------------------------------+
; Analysis & Synthesis Source Files Read                                                                                                                             ;
+----------------------------------+-----------------+-----------------------------+---------------------------------------------------------------------+-----------+
; File Name with User-Entered Path ; Used in Netlist ; File Type                   ; File Name with Absolute Path                                        ; Library   ;
+----------------------------------+-----------------+-----------------------------+---------------------------------------------------------------------+-----------+
; color_map.vhd                    ; yes             ; User VHDL File              ; C:/FPGA/FPGA_Memory_game/color_map.vhd                              ;           ;
; vga_sync.vhd                     ; yes             ; User VHDL File              ; C:/FPGA/FPGA_Memory_game/vga_sync.vhd                               ;           ;
; draw.vhd                         ; yes             ; User VHDL File              ; C:/FPGA/FPGA_Memory_game/draw.vhd                                   ;           ;
; clk_divider.vhd                  ; yes             ; User VHDL File              ; C:/FPGA/FPGA_Memory_game/clk_divider.vhd                            ;           ;
; input_handler.vhd                ; yes             ; User VHDL File              ; C:/FPGA/FPGA_Memory_game/input_handler.vhd                          ;           ;
; memory_game.vhd                  ; yes             ; User VHDL File              ; C:/FPGA/FPGA_Memory_game/memory_game.vhd                            ;           ;
; 2_lfsr.vhd                       ; yes             ; User VHDL File              ; C:/FPGA/FPGA_Memory_game/2_lfsr.vhd                                 ;           ;
; my_altpll.vhd                    ; yes             ; User Wizard-Generated File  ; C:/FPGA/FPGA_Memory_game/my_altpll.vhd                              ; my_altpll ;
; my_altpll/my_altpll_0002.v       ; yes             ; User Verilog HDL File       ; C:/FPGA/FPGA_Memory_game/my_altpll/my_altpll_0002.v                 ; my_altpll ;
; altera_pll.v                     ; yes             ; Megafunction                ; c:/intelfpga_lite/16.1/quartus/libraries/megafunctions/altera_pll.v ;           ;
+----------------------------------+-----------------+-----------------------------+---------------------------------------------------------------------+-----------+


+------------------------------------------------------------+
; Analysis & Synthesis Resource Usage Summary                ;
+---------------------------------------------+--------------+
; Resource                                    ; Usage        ;
+---------------------------------------------+--------------+
; Estimate of Logic utilization (ALMs needed) ; 95           ;
;                                             ;              ;
; Combinational ALUT usage for logic          ; 162          ;
;     -- 7 input functions                    ; 2            ;
;     -- 6 input functions                    ; 25           ;
;     -- 5 input functions                    ; 12           ;
;     -- 4 input functions                    ; 9            ;
;     -- <=3 input functions                  ; 114          ;
;                                             ;              ;
; Dedicated logic registers                   ; 109          ;
;                                             ;              ;
; I/O pins                                    ; 43           ;
;                                             ;              ;
; Total DSP Blocks                            ; 0            ;
;                                             ;              ;
; Maximum fan-out node                        ; clk_50~input ;
; Maximum fan-out                             ; 66           ;
; Total fan-out                               ; 957          ;
; Average fan-out                             ; 2.68         ;
+---------------------------------------------+--------------+


+-------------------------------------------------------------------------------------------------------------------------------------------------------------------------------------------------------------------------------+
; Analysis & Synthesis Resource Utilization by Entity                                                                                                                                                                           ;
+---------------------------------------+---------------------+---------------------------+-------------------+------------+------+--------------+-----------------------------------------------+---------------+--------------+
; Compilation Hierarchy Node            ; Combinational ALUTs ; Dedicated Logic Registers ; Block Memory Bits ; DSP Blocks ; Pins ; Virtual Pins ; Full Hierarchy Name                           ; Entity Name   ; Library Name ;
+---------------------------------------+---------------------+---------------------------+-------------------+------------+------+--------------+-----------------------------------------------+---------------+--------------+
; |memory_game                          ; 162 (38)            ; 109 (33)                  ; 0                 ; 0          ; 43   ; 0            ; |memory_game                                  ; memory_game   ; work         ;
;    |LFSR:lsfr_inst|                   ; 9 (9)               ; 8 (8)                     ; 0                 ; 0          ; 0    ; 0            ; |memory_game|LFSR:lsfr_inst                   ; LFSR          ; work         ;
;    |clk_divider:clk_div_inst|         ; 56 (56)             ; 41 (41)                   ; 0                 ; 0          ; 0    ; 0            ; |memory_game|clk_divider:clk_div_inst         ; clk_divider   ; work         ;
;    |color_map:color_map_inst|         ; 1 (1)               ; 0 (0)                     ; 0                 ; 0          ; 0    ; 0            ; |memory_game|color_map:color_map_inst         ; color_map     ; work         ;
;    |draw:U1|                          ; 20 (20)             ; 3 (3)                     ; 0                 ; 0          ; 0    ; 0            ; |memory_game|draw:U1                          ; draw          ; work         ;
;    |input_handler:input_handler_inst| ; 4 (4)               ; 1 (1)                     ; 0                 ; 0          ; 0    ; 0            ; |memory_game|input_handler:input_handler_inst ; input_handler ; work         ;
;    |vga_sync:vga_sync_unit|           ; 34 (34)             ; 23 (23)                   ; 0                 ; 0          ; 0    ; 0            ; |memory_game|vga_sync:vga_sync_unit           ; vga_sync      ; work         ;
+---------------------------------------+---------------------+---------------------------+-------------------+------------+------+--------------+-----------------------------------------------+---------------+--------------+
Note: For table entries with two numbers listed, the numbers in parentheses indicate the number of resources of the given type used by the specific entity alone. The numbers listed outside of parentheses indicate the total resources of the given type used by the specific entity and all of its sub-entities in the hierarchy.


+-----------------------------------------------------------------------------------------------------------------------+
; Analysis & Synthesis IP Cores Summary                                                                                 ;
+--------+--------------+---------+--------------+--------------+-------------------------------------+-----------------+
; Vendor ; IP Core Name ; Version ; Release Date ; License Type ; Entity Instance                     ; IP Include File ;
+--------+--------------+---------+--------------+--------------+-------------------------------------+-----------------+
; Altera ; altera_pll   ; 16.1    ; N/A          ; N/A          ; |memory_game|my_altpll:alt_pll_inst ; my_altpll.vhd   ;
+--------+--------------+---------+--------------+--------------+-------------------------------------+-----------------+


+------------------------------------------------------------------------------------------------------------------------------+
; User-Specified and Inferred Latches                                                                                          ;
+----------------------------------------------------+------------------------------------------------+------------------------+
; Latch Name                                         ; Latch Enable Signal                            ; Free of Timing Hazards ;
+----------------------------------------------------+------------------------------------------------+------------------------+
; input_handler:input_handler_inst|internal_success  ; input_handler:input_handler_inst|state_current ; yes                    ;
; Number of user-specified and inferred latches = 1  ;                                                ;                        ;
+----------------------------------------------------+------------------------------------------------+------------------------+
Note: All latches listed above may not be present at the end of synthesis due to various synthesis optimizations.


+--------------------------------------------------------------------+
; Registers Removed During Synthesis                                 ;
+---------------------------------------+----------------------------+
; Register name                         ; Reason for Removal         ;
+---------------------------------------+----------------------------+
; draw:U1|rgb[2]                        ; Merged with draw:U1|rgb[1] ;
; Total Number of Removed Registers = 1 ;                            ;
+---------------------------------------+----------------------------+


+------------------------------------------------------+
; General Register Statistics                          ;
+----------------------------------------------+-------+
; Statistic                                    ; Value ;
+----------------------------------------------+-------+
; Total registers                              ; 109   ;
; Number of registers using Synchronous Clear  ; 92    ;
; Number of registers using Synchronous Load   ; 0     ;
; Number of registers using Asynchronous Clear ; 34    ;
; Number of registers using Asynchronous Load  ; 0     ;
; Number of registers using Clock Enable       ; 58    ;
; Number of registers using Preset             ; 0     ;
+----------------------------------------------+-------+


+--------------------------------------------------+
; Inverted Register Statistics                     ;
+----------------------------------------+---------+
; Inverted Register                      ; Fan out ;
+----------------------------------------+---------+
; LFSR:lsfr_inst|q[0]                    ; 1       ;
; Total number of inverted registers = 1 ;         ;
+----------------------------------------+---------+


+---------------------------------------------------------------------------------------------------------------------------------------------------------------+
; Multiplexer Restructuring Statistics (Restructuring Performed)                                                                                                ;
+--------------------+-----------+---------------+----------------------+------------------------+------------+-------------------------------------------------+
; Multiplexer Inputs ; Bus Width ; Baseline Area ; Area if Restructured ; Saving if Restructured ; Registered ; Example Multiplexer Output                      ;
+--------------------+-----------+---------------+----------------------+------------------------+------------+-------------------------------------------------+
; 3:1                ; 10 bits   ; 20 LEs        ; 0 LEs                ; 20 LEs                 ; Yes        ; |memory_game|clk_divider:clk_div_inst|count1[0] ;
; 3:1                ; 10 bits   ; 20 LEs        ; 0 LEs                ; 20 LEs                 ; Yes        ; |memory_game|clk_divider:clk_div_inst|count2[4] ;
; 3:1                ; 10 bits   ; 20 LEs        ; 0 LEs                ; 20 LEs                 ; Yes        ; |memory_game|clk_divider:clk_div_inst|count3[1] ;
+--------------------+-----------+---------------+----------------------+------------------------+------------+-------------------------------------------------+


+---------------------------------------------------------------------------------------------------------------------------+
; Parameter Settings for User Entity Instance: my_altpll:alt_pll_inst|my_altpll_0002:my_altpll_inst|altera_pll:altera_pll_i ;
+--------------------------------------+------------------------+-----------------------------------------------------------+
; Parameter Name                       ; Value                  ; Type                                                      ;
+--------------------------------------+------------------------+-----------------------------------------------------------+
; reference_clock_frequency            ; 100.0 MHz              ; String                                                    ;
; fractional_vco_multiplier            ; false                  ; String                                                    ;
; pll_type                             ; General                ; String                                                    ;
; pll_subtype                          ; General                ; String                                                    ;
; number_of_clocks                     ; 1                      ; Signed Integer                                            ;
; operation_mode                       ; direct                 ; String                                                    ;
; deserialization_factor               ; 4                      ; Signed Integer                                            ;
; data_rate                            ; 0                      ; Signed Integer                                            ;
; sim_additional_refclk_cycles_to_lock ; 0                      ; Signed Integer                                            ;
; output_clock_frequency0              ; 2.000000 MHz           ; String                                                    ;
; phase_shift0                         ; 0 ps                   ; String                                                    ;
; duty_cycle0                          ; 50                     ; Signed Integer                                            ;
; output_clock_frequency1              ; 0 MHz                  ; String                                                    ;
; phase_shift1                         ; 0 ps                   ; String                                                    ;
; duty_cycle1                          ; 50                     ; Signed Integer                                            ;
; output_clock_frequency2              ; 0 MHz                  ; String                                                    ;
; phase_shift2                         ; 0 ps                   ; String                                                    ;
; duty_cycle2                          ; 50                     ; Signed Integer                                            ;
; output_clock_frequency3              ; 0 MHz                  ; String                                                    ;
; phase_shift3                         ; 0 ps                   ; String                                                    ;
; duty_cycle3                          ; 50                     ; Signed Integer                                            ;
; output_clock_frequency4              ; 0 MHz                  ; String                                                    ;
; phase_shift4                         ; 0 ps                   ; String                                                    ;
; duty_cycle4                          ; 50                     ; Signed Integer                                            ;
; output_clock_frequency5              ; 0 MHz                  ; String                                                    ;
; phase_shift5                         ; 0 ps                   ; String                                                    ;
; duty_cycle5                          ; 50                     ; Signed Integer                                            ;
; output_clock_frequency6              ; 0 MHz                  ; String                                                    ;
; phase_shift6                         ; 0 ps                   ; String                                                    ;
; duty_cycle6                          ; 50                     ; Signed Integer                                            ;
; output_clock_frequency7              ; 0 MHz                  ; String                                                    ;
; phase_shift7                         ; 0 ps                   ; String                                                    ;
; duty_cycle7                          ; 50                     ; Signed Integer                                            ;
; output_clock_frequency8              ; 0 MHz                  ; String                                                    ;
; phase_shift8                         ; 0 ps                   ; String                                                    ;
; duty_cycle8                          ; 50                     ; Signed Integer                                            ;
; output_clock_frequency9              ; 0 MHz                  ; String                                                    ;
; phase_shift9                         ; 0 ps                   ; String                                                    ;
; duty_cycle9                          ; 50                     ; Signed Integer                                            ;
; output_clock_frequency10             ; 0 MHz                  ; String                                                    ;
; phase_shift10                        ; 0 ps                   ; String                                                    ;
; duty_cycle10                         ; 50                     ; Signed Integer                                            ;
; output_clock_frequency11             ; 0 MHz                  ; String                                                    ;
; phase_shift11                        ; 0 ps                   ; String                                                    ;
; duty_cycle11                         ; 50                     ; Signed Integer                                            ;
; output_clock_frequency12             ; 0 MHz                  ; String                                                    ;
; phase_shift12                        ; 0 ps                   ; String                                                    ;
; duty_cycle12                         ; 50                     ; Signed Integer                                            ;
; output_clock_frequency13             ; 0 MHz                  ; String                                                    ;
; phase_shift13                        ; 0 ps                   ; String                                                    ;
; duty_cycle13                         ; 50                     ; Signed Integer                                            ;
; output_clock_frequency14             ; 0 MHz                  ; String                                                    ;
; phase_shift14                        ; 0 ps                   ; String                                                    ;
; duty_cycle14                         ; 50                     ; Signed Integer                                            ;
; output_clock_frequency15             ; 0 MHz                  ; String                                                    ;
; phase_shift15                        ; 0 ps                   ; String                                                    ;
; duty_cycle15                         ; 50                     ; Signed Integer                                            ;
; output_clock_frequency16             ; 0 MHz                  ; String                                                    ;
; phase_shift16                        ; 0 ps                   ; String                                                    ;
; duty_cycle16                         ; 50                     ; Signed Integer                                            ;
; output_clock_frequency17             ; 0 MHz                  ; String                                                    ;
; phase_shift17                        ; 0 ps                   ; String                                                    ;
; duty_cycle17                         ; 50                     ; Signed Integer                                            ;
; clock_name_0                         ;                        ; String                                                    ;
; clock_name_1                         ;                        ; String                                                    ;
; clock_name_2                         ;                        ; String                                                    ;
; clock_name_3                         ;                        ; String                                                    ;
; clock_name_4                         ;                        ; String                                                    ;
; clock_name_5                         ;                        ; String                                                    ;
; clock_name_6                         ;                        ; String                                                    ;
; clock_name_7                         ;                        ; String                                                    ;
; clock_name_8                         ;                        ; String                                                    ;
; clock_name_global_0                  ; false                  ; String                                                    ;
; clock_name_global_1                  ; false                  ; String                                                    ;
; clock_name_global_2                  ; false                  ; String                                                    ;
; clock_name_global_3                  ; false                  ; String                                                    ;
; clock_name_global_4                  ; false                  ; String                                                    ;
; clock_name_global_5                  ; false                  ; String                                                    ;
; clock_name_global_6                  ; false                  ; String                                                    ;
; clock_name_global_7                  ; false                  ; String                                                    ;
; clock_name_global_8                  ; false                  ; String                                                    ;
; m_cnt_hi_div                         ; 1                      ; Signed Integer                                            ;
; m_cnt_lo_div                         ; 1                      ; Signed Integer                                            ;
; m_cnt_bypass_en                      ; false                  ; String                                                    ;
; m_cnt_odd_div_duty_en                ; false                  ; String                                                    ;
; n_cnt_hi_div                         ; 1                      ; Signed Integer                                            ;
; n_cnt_lo_div                         ; 1                      ; Signed Integer                                            ;
; n_cnt_bypass_en                      ; false                  ; String                                                    ;
; n_cnt_odd_div_duty_en                ; false                  ; String                                                    ;
; c_cnt_hi_div0                        ; 1                      ; Signed Integer                                            ;
; c_cnt_lo_div0                        ; 1                      ; Signed Integer                                            ;
; c_cnt_bypass_en0                     ; false                  ; String                                                    ;
; c_cnt_in_src0                        ; ph_mux_clk             ; String                                                    ;
; c_cnt_odd_div_duty_en0               ; false                  ; String                                                    ;
; c_cnt_prst0                          ; 1                      ; Signed Integer                                            ;
; c_cnt_ph_mux_prst0                   ; 0                      ; Signed Integer                                            ;
; c_cnt_hi_div1                        ; 1                      ; Signed Integer                                            ;
; c_cnt_lo_div1                        ; 1                      ; Signed Integer                                            ;
; c_cnt_bypass_en1                     ; false                  ; String                                                    ;
; c_cnt_in_src1                        ; ph_mux_clk             ; String                                                    ;
; c_cnt_odd_div_duty_en1               ; false                  ; String                                                    ;
; c_cnt_prst1                          ; 1                      ; Signed Integer                                            ;
; c_cnt_ph_mux_prst1                   ; 0                      ; Signed Integer                                            ;
; c_cnt_hi_div2                        ; 1                      ; Signed Integer                                            ;
; c_cnt_lo_div2                        ; 1                      ; Signed Integer                                            ;
; c_cnt_bypass_en2                     ; false                  ; String                                                    ;
; c_cnt_in_src2                        ; ph_mux_clk             ; String                                                    ;
; c_cnt_odd_div_duty_en2               ; false                  ; String                                                    ;
; c_cnt_prst2                          ; 1                      ; Signed Integer                                            ;
; c_cnt_ph_mux_prst2                   ; 0                      ; Signed Integer                                            ;
; c_cnt_hi_div3                        ; 1                      ; Signed Integer                                            ;
; c_cnt_lo_div3                        ; 1                      ; Signed Integer                                            ;
; c_cnt_bypass_en3                     ; false                  ; String                                                    ;
; c_cnt_in_src3                        ; ph_mux_clk             ; String                                                    ;
; c_cnt_odd_div_duty_en3               ; false                  ; String                                                    ;
; c_cnt_prst3                          ; 1                      ; Signed Integer                                            ;
; c_cnt_ph_mux_prst3                   ; 0                      ; Signed Integer                                            ;
; c_cnt_hi_div4                        ; 1                      ; Signed Integer                                            ;
; c_cnt_lo_div4                        ; 1                      ; Signed Integer                                            ;
; c_cnt_bypass_en4                     ; false                  ; String                                                    ;
; c_cnt_in_src4                        ; ph_mux_clk             ; String                                                    ;
; c_cnt_odd_div_duty_en4               ; false                  ; String                                                    ;
; c_cnt_prst4                          ; 1                      ; Signed Integer                                            ;
; c_cnt_ph_mux_prst4                   ; 0                      ; Signed Integer                                            ;
; c_cnt_hi_div5                        ; 1                      ; Signed Integer                                            ;
; c_cnt_lo_div5                        ; 1                      ; Signed Integer                                            ;
; c_cnt_bypass_en5                     ; false                  ; String                                                    ;
; c_cnt_in_src5                        ; ph_mux_clk             ; String                                                    ;
; c_cnt_odd_div_duty_en5               ; false                  ; String                                                    ;
; c_cnt_prst5                          ; 1                      ; Signed Integer                                            ;
; c_cnt_ph_mux_prst5                   ; 0                      ; Signed Integer                                            ;
; c_cnt_hi_div6                        ; 1                      ; Signed Integer                                            ;
; c_cnt_lo_div6                        ; 1                      ; Signed Integer                                            ;
; c_cnt_bypass_en6                     ; false                  ; String                                                    ;
; c_cnt_in_src6                        ; ph_mux_clk             ; String                                                    ;
; c_cnt_odd_div_duty_en6               ; false                  ; String                                                    ;
; c_cnt_prst6                          ; 1                      ; Signed Integer                                            ;
; c_cnt_ph_mux_prst6                   ; 0                      ; Signed Integer                                            ;
; c_cnt_hi_div7                        ; 1                      ; Signed Integer                                            ;
; c_cnt_lo_div7                        ; 1                      ; Signed Integer                                            ;
; c_cnt_bypass_en7                     ; false                  ; String                                                    ;
; c_cnt_in_src7                        ; ph_mux_clk             ; String                                                    ;
; c_cnt_odd_div_duty_en7               ; false                  ; String                                                    ;
; c_cnt_prst7                          ; 1                      ; Signed Integer                                            ;
; c_cnt_ph_mux_prst7                   ; 0                      ; Signed Integer                                            ;
; c_cnt_hi_div8                        ; 1                      ; Signed Integer                                            ;
; c_cnt_lo_div8                        ; 1                      ; Signed Integer                                            ;
; c_cnt_bypass_en8                     ; false                  ; String                                                    ;
; c_cnt_in_src8                        ; ph_mux_clk             ; String                                                    ;
; c_cnt_odd_div_duty_en8               ; false                  ; String                                                    ;
; c_cnt_prst8                          ; 1                      ; Signed Integer                                            ;
; c_cnt_ph_mux_prst8                   ; 0                      ; Signed Integer                                            ;
; c_cnt_hi_div9                        ; 1                      ; Signed Integer                                            ;
; c_cnt_lo_div9                        ; 1                      ; Signed Integer                                            ;
; c_cnt_bypass_en9                     ; false                  ; String                                                    ;
; c_cnt_in_src9                        ; ph_mux_clk             ; String                                                    ;
; c_cnt_odd_div_duty_en9               ; false                  ; String                                                    ;
; c_cnt_prst9                          ; 1                      ; Signed Integer                                            ;
; c_cnt_ph_mux_prst9                   ; 0                      ; Signed Integer                                            ;
; c_cnt_hi_div10                       ; 1                      ; Signed Integer                                            ;
; c_cnt_lo_div10                       ; 1                      ; Signed Integer                                            ;
; c_cnt_bypass_en10                    ; false                  ; String                                                    ;
; c_cnt_in_src10                       ; ph_mux_clk             ; String                                                    ;
; c_cnt_odd_div_duty_en10              ; false                  ; String                                                    ;
; c_cnt_prst10                         ; 1                      ; Signed Integer                                            ;
; c_cnt_ph_mux_prst10                  ; 0                      ; Signed Integer                                            ;
; c_cnt_hi_div11                       ; 1                      ; Signed Integer                                            ;
; c_cnt_lo_div11                       ; 1                      ; Signed Integer                                            ;
; c_cnt_bypass_en11                    ; false                  ; String                                                    ;
; c_cnt_in_src11                       ; ph_mux_clk             ; String                                                    ;
; c_cnt_odd_div_duty_en11              ; false                  ; String                                                    ;
; c_cnt_prst11                         ; 1                      ; Signed Integer                                            ;
; c_cnt_ph_mux_prst11                  ; 0                      ; Signed Integer                                            ;
; c_cnt_hi_div12                       ; 1                      ; Signed Integer                                            ;
; c_cnt_lo_div12                       ; 1                      ; Signed Integer                                            ;
; c_cnt_bypass_en12                    ; false                  ; String                                                    ;
; c_cnt_in_src12                       ; ph_mux_clk             ; String                                                    ;
; c_cnt_odd_div_duty_en12              ; false                  ; String                                                    ;
; c_cnt_prst12                         ; 1                      ; Signed Integer                                            ;
; c_cnt_ph_mux_prst12                  ; 0                      ; Signed Integer                                            ;
; c_cnt_hi_div13                       ; 1                      ; Signed Integer                                            ;
; c_cnt_lo_div13                       ; 1                      ; Signed Integer                                            ;
; c_cnt_bypass_en13                    ; false                  ; String                                                    ;
; c_cnt_in_src13                       ; ph_mux_clk             ; String                                                    ;
; c_cnt_odd_div_duty_en13              ; false                  ; String                                                    ;
; c_cnt_prst13                         ; 1                      ; Signed Integer                                            ;
; c_cnt_ph_mux_prst13                  ; 0                      ; Signed Integer                                            ;
; c_cnt_hi_div14                       ; 1                      ; Signed Integer                                            ;
; c_cnt_lo_div14                       ; 1                      ; Signed Integer                                            ;
; c_cnt_bypass_en14                    ; false                  ; String                                                    ;
; c_cnt_in_src14                       ; ph_mux_clk             ; String                                                    ;
; c_cnt_odd_div_duty_en14              ; false                  ; String                                                    ;
; c_cnt_prst14                         ; 1                      ; Signed Integer                                            ;
; c_cnt_ph_mux_prst14                  ; 0                      ; Signed Integer                                            ;
; c_cnt_hi_div15                       ; 1                      ; Signed Integer                                            ;
; c_cnt_lo_div15                       ; 1                      ; Signed Integer                                            ;
; c_cnt_bypass_en15                    ; false                  ; String                                                    ;
; c_cnt_in_src15                       ; ph_mux_clk             ; String                                                    ;
; c_cnt_odd_div_duty_en15              ; false                  ; String                                                    ;
; c_cnt_prst15                         ; 1                      ; Signed Integer                                            ;
; c_cnt_ph_mux_prst15                  ; 0                      ; Signed Integer                                            ;
; c_cnt_hi_div16                       ; 1                      ; Signed Integer                                            ;
; c_cnt_lo_div16                       ; 1                      ; Signed Integer                                            ;
; c_cnt_bypass_en16                    ; false                  ; String                                                    ;
; c_cnt_in_src16                       ; ph_mux_clk             ; String                                                    ;
; c_cnt_odd_div_duty_en16              ; false                  ; String                                                    ;
; c_cnt_prst16                         ; 1                      ; Signed Integer                                            ;
; c_cnt_ph_mux_prst16                  ; 0                      ; Signed Integer                                            ;
; c_cnt_hi_div17                       ; 1                      ; Signed Integer                                            ;
; c_cnt_lo_div17                       ; 1                      ; Signed Integer                                            ;
; c_cnt_bypass_en17                    ; false                  ; String                                                    ;
; c_cnt_in_src17                       ; ph_mux_clk             ; String                                                    ;
; c_cnt_odd_div_duty_en17              ; false                  ; String                                                    ;
; c_cnt_prst17                         ; 1                      ; Signed Integer                                            ;
; c_cnt_ph_mux_prst17                  ; 0                      ; Signed Integer                                            ;
; pll_vco_div                          ; 1                      ; Signed Integer                                            ;
; pll_slf_rst                          ; false                  ; String                                                    ;
; pll_bw_sel                           ; low                    ; String                                                    ;
; pll_output_clk_frequency             ; 0 MHz                  ; String                                                    ;
; pll_cp_current                       ; 0                      ; Signed Integer                                            ;
; pll_bwctrl                           ; 0                      ; Signed Integer                                            ;
; pll_fractional_division              ; 1                      ; Signed Integer                                            ;
; pll_fractional_cout                  ; 24                     ; Signed Integer                                            ;
; pll_dsm_out_sel                      ; 1st_order              ; String                                                    ;
; mimic_fbclk_type                     ; gclk                   ; String                                                    ;
; pll_fbclk_mux_1                      ; glb                    ; String                                                    ;
; pll_fbclk_mux_2                      ; fb_1                   ; String                                                    ;
; pll_m_cnt_in_src                     ; ph_mux_clk             ; String                                                    ;
; pll_vcoph_div                        ; 1                      ; Signed Integer                                            ;
; refclk1_frequency                    ; 0 MHz                  ; String                                                    ;
; pll_clkin_0_src                      ; clk_0                  ; String                                                    ;
; pll_clkin_1_src                      ; clk_0                  ; String                                                    ;
; pll_clk_loss_sw_en                   ; false                  ; String                                                    ;
; pll_auto_clk_sw_en                   ; false                  ; String                                                    ;
; pll_manu_clk_sw_en                   ; false                  ; String                                                    ;
; pll_clk_sw_dly                       ; 0                      ; Signed Integer                                            ;
; pll_extclk_0_cnt_src                 ; pll_extclk_cnt_src_vss ; String                                                    ;
; pll_extclk_1_cnt_src                 ; pll_extclk_cnt_src_vss ; String                                                    ;
+--------------------------------------+------------------------+-----------------------------------------------------------+
Note: In order to hide this table in the UI and the text report file, please set the "Show Parameter Settings in Synthesis Report" option in "Analysis and Synthesis Settings -> More Settings" to "Off".


+------------------------------------------------------------------------------------------------------------------------+
; Port Connectivity Checks: "input_handler:input_handler_inst"                                                           ;
+--------------+--------+----------+-------------------------------------------------------------------------------------+
; Port         ; Type   ; Severity ; Details                                                                             ;
+--------------+--------+----------+-------------------------------------------------------------------------------------+
; done         ; Output ; Info     ; Connected to dangling logic. Logic that only feeds a dangling port will be removed. ;
; score_update ; Output ; Info     ; Connected to dangling logic. Logic that only feeds a dangling port will be removed. ;
+--------------+--------+----------+-------------------------------------------------------------------------------------+


+-----------------------------------------------------------------------------------------------------------------------------------------+
; Port Connectivity Checks: "my_altpll:alt_pll_inst"                                                                                      ;
+----------+--------+----------+----------------------------------------------------------------------------------------------------------+
; Port     ; Type   ; Severity ; Details                                                                                                  ;
+----------+--------+----------+----------------------------------------------------------------------------------------------------------+
; outclk_0 ; Output ; Info     ; Connected to dangling logic. Logic that only feeds a dangling port will be removed.                      ;
; locked   ; Output ; Warning  ; Declared by entity but not connected by instance. Logic that only feeds a dangling port will be removed. ;
+----------+--------+----------+----------------------------------------------------------------------------------------------------------+


+------------------------------------------------------+
; Port Connectivity Checks: "clk_divider:clk_div_inst" ;
+------------------+-------+----------+----------------+
; Port             ; Type  ; Severity ; Details        ;
+------------------+-------+----------+----------------+
; timeconst[31..5] ; Input ; Info     ; Stuck at GND   ;
; timeconst[4]     ; Input ; Info     ; Stuck at VCC   ;
+------------------+-------+----------+----------------+


+------------------------------------------------------+
; Port Connectivity Checks: "color_map:color_map_inst" ;
+------+-------+----------+----------------------------+
; Port ; Type  ; Severity ; Details                    ;
+------+-------+----------+----------------------------+
; sw   ; Input ; Info     ; Stuck at GND               ;
+------+-------+----------+----------------------------+


+-----------------------------------------------------+
; Post-Synthesis Netlist Statistics for Top Partition ;
+-----------------------+-----------------------------+
; Type                  ; Count                       ;
+-----------------------+-----------------------------+
; arriav_ff             ; 109                         ;
;     CLR               ; 6                           ;
;     ENA CLR           ; 8                           ;
;     ENA CLR SCLR      ; 20                          ;
;     ENA SCLR          ; 30                          ;
;     SCLR              ; 42                          ;
;     plain             ; 3                           ;
; arriav_lcell_comb     ; 165                         ;
;     arith             ; 92                          ;
;         1 data inputs ; 92                          ;
;     extend            ; 2                           ;
;         7 data inputs ; 2                           ;
;     normal            ; 71                          ;
;         0 data inputs ; 2                           ;
;         1 data inputs ; 5                           ;
;         2 data inputs ; 16                          ;
;         3 data inputs ; 2                           ;
;         4 data inputs ; 9                           ;
;         5 data inputs ; 12                          ;
;         6 data inputs ; 25                          ;
; boundary_port         ; 43                          ;
;                       ;                             ;
; Max LUT depth         ; 4.10                        ;
; Average LUT depth     ; 2.41                        ;
+-----------------------+-----------------------------+


+-------------------------------+
; Elapsed Time Per Partition    ;
+----------------+--------------+
; Partition Name ; Elapsed Time ;
+----------------+--------------+
; Top            ; 00:00:00     ;
+----------------+--------------+


+-------------------------------+
; Analysis & Synthesis Messages ;
+-------------------------------+
Info: *******************************************************************
Info: Running Quartus Prime Analysis & Synthesis
    Info: Version 16.1.0 Build 196 10/24/2016 SJ Lite Edition
    Info: Processing started: Mon May 03 21:35:29 2021
Info: Command: quartus_map --read_settings_files=on --write_settings_files=off memory_game -c memory_game
Warning (18236): Number of processors has not been specified which may cause overloading on shared machines.  Set the global assignment NUM_PARALLEL_PROCESSORS in your QSF to an appropriate value for best performance.
Info (20030): Parallel compilation is enabled and will use 4 of the 4 processors detected
Info (12021): Found 2 design units, including 1 entities, in source file color_map.vhd
    Info (12022): Found design unit 1: color_map-arch File: C:/FPGA/FPGA_Memory_game/color_map.vhd Line: 17
    Info (12023): Found entity 1: color_map File: C:/FPGA/FPGA_Memory_game/color_map.vhd Line: 7
Info (12021): Found 2 design units, including 1 entities, in source file vga_sync.vhd
    Info (12022): Found design unit 1: vga_sync-arch File: C:/FPGA/FPGA_Memory_game/vga_sync.vhd Line: 16
    Info (12023): Found entity 1: vga_sync File: C:/FPGA/FPGA_Memory_game/vga_sync.vhd Line: 7
Info (12021): Found 2 design units, including 1 entities, in source file pong_timer.vhd
    Info (12022): Found design unit 1: timer-arch File: C:/FPGA/FPGA_Memory_game/pong_timer.vhd Line: 15
    Info (12023): Found entity 1: timer File: C:/FPGA/FPGA_Memory_game/pong_timer.vhd Line: 6
Info (12021): Found 2 design units, including 1 entities, in source file pong_counter.vhd
    Info (12022): Found design unit 1: m100_counter-arch File: C:/FPGA/FPGA_Memory_game/pong_counter.vhd Line: 15
    Info (12023): Found entity 1: m100_counter File: C:/FPGA/FPGA_Memory_game/pong_counter.vhd Line: 6
Info (12021): Found 2 design units, including 1 entities, in source file draw.vhd
    Info (12022): Found design unit 1: draw-arch File: C:/FPGA/FPGA_Memory_game/draw.vhd Line: 20
    Info (12023): Found entity 1: draw File: C:/FPGA/FPGA_Memory_game/draw.vhd Line: 7
Info (12021): Found 2 design units, including 1 entities, in source file clk_divider_draw.vhd
    Info (12022): Found design unit 1: clk_divider_draw-Behavioral File: C:/FPGA/FPGA_Memory_game/clk_divider_draw.vhd Line: 15
    Info (12023): Found entity 1: clk_divider_draw File: C:/FPGA/FPGA_Memory_game/clk_divider_draw.vhd Line: 8
Info (12021): Found 2 design units, including 1 entities, in source file clk_divider.vhd
    Info (12022): Found design unit 1: clk_divider-Behavioral File: C:/FPGA/FPGA_Memory_game/clk_divider.vhd Line: 16
    Info (12023): Found entity 1: clk_divider File: C:/FPGA/FPGA_Memory_game/clk_divider.vhd Line: 8
Info (12021): Found 2 design units, including 1 entities, in source file input_handler.vhd
    Info (12022): Found design unit 1: input_handler-MEALY_ARCHITECTURE File: C:/FPGA/FPGA_Memory_game/input_handler.vhd Line: 18
    Info (12023): Found entity 1: input_handler File: C:/FPGA/FPGA_Memory_game/input_handler.vhd Line: 4
Info (12021): Found 2 design units, including 1 entities, in source file memory_game.vhd
    Info (12022): Found design unit 1: memory_game-my_structural File: C:/FPGA/FPGA_Memory_game/memory_game.vhd Line: 22
    Info (12023): Found entity 1: memory_game File: C:/FPGA/FPGA_Memory_game/memory_game.vhd Line: 5
Info (12021): Found 2 design units, including 1 entities, in source file 3_fifo.vhd
    Info (12022): Found design unit 1: fifo-arch File: C:/FPGA/FPGA_Memory_game/3_fifo.vhd Line: 22
    Info (12023): Found entity 1: fifo File: C:/FPGA/FPGA_Memory_game/3_fifo.vhd Line: 8
Info (12021): Found 2 design units, including 1 entities, in source file 2_lfsr.vhd
    Info (12022): Found design unit 1: LFSR-arc_1_to_many File: C:/FPGA/FPGA_Memory_game/2_lfsr.vhd Line: 13
    Info (12023): Found entity 1: LFSR File: C:/FPGA/FPGA_Memory_game/2_lfsr.vhd Line: 4
Info (12021): Found 2 design units, including 1 entities, in source file my_altpll.vhd
    Info (12022): Found design unit 1: my_altpll-rtl File: C:/FPGA/FPGA_Memory_game/my_altpll.vhd Line: 20
    Info (12023): Found entity 1: my_altpll File: C:/FPGA/FPGA_Memory_game/my_altpll.vhd Line: 11
Info (12021): Found 1 design units, including 1 entities, in source file my_altpll/my_altpll_0002.v
    Info (12023): Found entity 1: my_altpll_0002 File: C:/FPGA/FPGA_Memory_game/my_altpll/my_altpll_0002.v Line: 2
Info (12127): Elaborating entity "memory_game" for the top level hierarchy
Warning (10541): VHDL Signal Declaration warning at memory_game.vhd(18): used implicit default value for signal "led_red" because signal was never assigned a value or an explicit default value. Use of implicit default value may introduce unintended design optimizations. File: C:/FPGA/FPGA_Memory_game/memory_game.vhd Line: 18
Warning (10036): Verilog HDL or VHDL warning at memory_game.vhd(92): object "clk" assigned a value but never read File: C:/FPGA/FPGA_Memory_game/memory_game.vhd Line: 92
Warning (10036): Verilog HDL or VHDL warning at memory_game.vhd(97): object "input_done" assigned a value but never read File: C:/FPGA/FPGA_Memory_game/memory_game.vhd Line: 97
Warning (10540): VHDL Signal Declaration warning at memory_game.vhd(100): used explicit default value for signal "time_out" because signal was never assigned a value File: C:/FPGA/FPGA_Memory_game/memory_game.vhd Line: 100
Warning (10492): VHDL Process Statement warning at memory_game.vhd(146): signal "input_success" is read inside the Process Statement but isn't in the Process Statement's sensitivity list File: C:/FPGA/FPGA_Memory_game/memory_game.vhd Line: 146
Warning (10492): VHDL Process Statement warning at memory_game.vhd(147): signal "score" is read inside the Process Statement but isn't in the Process Statement's sensitivity list File: C:/FPGA/FPGA_Memory_game/memory_game.vhd Line: 147
Info (12128): Elaborating entity "color_map" for hierarchy "color_map:color_map_inst" File: C:/FPGA/FPGA_Memory_game/memory_game.vhd Line: 112
Info (12128): Elaborating entity "clk_divider" for hierarchy "clk_divider:clk_div_inst" File: C:/FPGA/FPGA_Memory_game/memory_game.vhd Line: 120
Info (12128): Elaborating entity "my_altpll" for hierarchy "my_altpll:alt_pll_inst" File: C:/FPGA/FPGA_Memory_game/memory_game.vhd Line: 121
Info (12128): Elaborating entity "my_altpll_0002" for hierarchy "my_altpll:alt_pll_inst|my_altpll_0002:my_altpll_inst" File: C:/FPGA/FPGA_Memory_game/my_altpll.vhd Line: 32
Info (12128): Elaborating entity "altera_pll" for hierarchy "my_altpll:alt_pll_inst|my_altpll_0002:my_altpll_inst|altera_pll:altera_pll_i" File: C:/FPGA/FPGA_Memory_game/my_altpll/my_altpll_0002.v Line: 85
Info (10008): Verilog HDL or VHDL information: EDA Netlist Writer cannot regroup multidimensional array "wire_to_nowhere_64" into its bus
Info (12130): Elaborated megafunction instantiation "my_altpll:alt_pll_inst|my_altpll_0002:my_altpll_inst|altera_pll:altera_pll_i" File: C:/FPGA/FPGA_Memory_game/my_altpll/my_altpll_0002.v Line: 85
Info (12133): Instantiated megafunction "my_altpll:alt_pll_inst|my_altpll_0002:my_altpll_inst|altera_pll:altera_pll_i" with the following parameter: File: C:/FPGA/FPGA_Memory_game/my_altpll/my_altpll_0002.v Line: 85
    Info (12134): Parameter "fractional_vco_multiplier" = "false"
    Info (12134): Parameter "reference_clock_frequency" = "100.0 MHz"
    Info (12134): Parameter "operation_mode" = "direct"
    Info (12134): Parameter "number_of_clocks" = "1"
    Info (12134): Parameter "output_clock_frequency0" = "2.000000 MHz"
    Info (12134): Parameter "phase_shift0" = "0 ps"
    Info (12134): Parameter "duty_cycle0" = "50"
    Info (12134): Parameter "output_clock_frequency1" = "0 MHz"
    Info (12134): Parameter "phase_shift1" = "0 ps"
    Info (12134): Parameter "duty_cycle1" = "50"
    Info (12134): Parameter "output_clock_frequency2" = "0 MHz"
    Info (12134): Parameter "phase_shift2" = "0 ps"
    Info (12134): Parameter "duty_cycle2" = "50"
    Info (12134): Parameter "output_clock_frequency3" = "0 MHz"
    Info (12134): Parameter "phase_shift3" = "0 ps"
    Info (12134): Parameter "duty_cycle3" = "50"
    Info (12134): Parameter "output_clock_frequency4" = "0 MHz"
    Info (12134): Parameter "phase_shift4" = "0 ps"
    Info (12134): Parameter "duty_cycle4" = "50"
    Info (12134): Parameter "output_clock_frequency5" = "0 MHz"
    Info (12134): Parameter "phase_shift5" = "0 ps"
    Info (12134): Parameter "duty_cycle5" = "50"
    Info (12134): Parameter "output_clock_frequency6" = "0 MHz"
    Info (12134): Parameter "phase_shift6" = "0 ps"
    Info (12134): Parameter "duty_cycle6" = "50"
    Info (12134): Parameter "output_clock_frequency7" = "0 MHz"
    Info (12134): Parameter "phase_shift7" = "0 ps"
    Info (12134): Parameter "duty_cycle7" = "50"
    Info (12134): Parameter "output_clock_frequency8" = "0 MHz"
    Info (12134): Parameter "phase_shift8" = "0 ps"
    Info (12134): Parameter "duty_cycle8" = "50"
    Info (12134): Parameter "output_clock_frequency9" = "0 MHz"
    Info (12134): Parameter "phase_shift9" = "0 ps"
    Info (12134): Parameter "duty_cycle9" = "50"
    Info (12134): Parameter "output_clock_frequency10" = "0 MHz"
    Info (12134): Parameter "phase_shift10" = "0 ps"
    Info (12134): Parameter "duty_cycle10" = "50"
    Info (12134): Parameter "output_clock_frequency11" = "0 MHz"
    Info (12134): Parameter "phase_shift11" = "0 ps"
    Info (12134): Parameter "duty_cycle11" = "50"
    Info (12134): Parameter "output_clock_frequency12" = "0 MHz"
    Info (12134): Parameter "phase_shift12" = "0 ps"
    Info (12134): Parameter "duty_cycle12" = "50"
    Info (12134): Parameter "output_clock_frequency13" = "0 MHz"
    Info (12134): Parameter "phase_shift13" = "0 ps"
    Info (12134): Parameter "duty_cycle13" = "50"
    Info (12134): Parameter "output_clock_frequency14" = "0 MHz"
    Info (12134): Parameter "phase_shift14" = "0 ps"
    Info (12134): Parameter "duty_cycle14" = "50"
    Info (12134): Parameter "output_clock_frequency15" = "0 MHz"
    Info (12134): Parameter "phase_shift15" = "0 ps"
    Info (12134): Parameter "duty_cycle15" = "50"
    Info (12134): Parameter "output_clock_frequency16" = "0 MHz"
    Info (12134): Parameter "phase_shift16" = "0 ps"
    Info (12134): Parameter "duty_cycle16" = "50"
    Info (12134): Parameter "output_clock_frequency17" = "0 MHz"
    Info (12134): Parameter "phase_shift17" = "0 ps"
    Info (12134): Parameter "duty_cycle17" = "50"
    Info (12134): Parameter "pll_type" = "General"
    Info (12134): Parameter "pll_subtype" = "General"
Info (12128): Elaborating entity "LFSR" for hierarchy "LFSR:lsfr_inst" File: C:/FPGA/FPGA_Memory_game/memory_game.vhd Line: 122
Warning (10492): VHDL Process Statement warning at 2_lfsr.vhd(38): signal "q" is read inside the Process Statement but isn't in the Process Statement's sensitivity list File: C:/FPGA/FPGA_Memory_game/2_lfsr.vhd Line: 38
Info (12128): Elaborating entity "vga_sync" for hierarchy "vga_sync:vga_sync_unit" File: C:/FPGA/FPGA_Memory_game/memory_game.vhd Line: 133
Info (12128): Elaborating entity "input_handler" for hierarchy "input_handler:input_handler_inst" File: C:/FPGA/FPGA_Memory_game/memory_game.vhd Line: 142
Warning (10492): VHDL Process Statement warning at input_handler.vhd(31): signal "tick1" is read inside the Process Statement but isn't in the Process Statement's sensitivity list File: C:/FPGA/FPGA_Memory_game/input_handler.vhd Line: 31
Warning (10492): VHDL Process Statement warning at input_handler.vhd(32): signal "tick2" is read inside the Process Statement but isn't in the Process Statement's sensitivity list File: C:/FPGA/FPGA_Memory_game/input_handler.vhd Line: 32
Warning (10492): VHDL Process Statement warning at input_handler.vhd(33): signal "tick3" is read inside the Process Statement but isn't in the Process Statement's sensitivity list File: C:/FPGA/FPGA_Memory_game/input_handler.vhd Line: 33
Warning (10492): VHDL Process Statement warning at input_handler.vhd(34): signal "tick4" is read inside the Process Statement but isn't in the Process Statement's sensitivity list File: C:/FPGA/FPGA_Memory_game/input_handler.vhd Line: 34
Warning (10492): VHDL Process Statement warning at input_handler.vhd(56): signal "received_input" is read inside the Process Statement but isn't in the Process Statement's sensitivity list File: C:/FPGA/FPGA_Memory_game/input_handler.vhd Line: 56
Warning (10492): VHDL Process Statement warning at input_handler.vhd(61): signal "received_input" is read inside the Process Statement but isn't in the Process Statement's sensitivity list File: C:/FPGA/FPGA_Memory_game/input_handler.vhd Line: 61
Warning (10492): VHDL Process Statement warning at input_handler.vhd(63): signal "combo" is read inside the Process Statement but isn't in the Process Statement's sensitivity list File: C:/FPGA/FPGA_Memory_game/input_handler.vhd Line: 63
Warning (10492): VHDL Process Statement warning at input_handler.vhd(64): signal "combo" is read inside the Process Statement but isn't in the Process Statement's sensitivity list File: C:/FPGA/FPGA_Memory_game/input_handler.vhd Line: 64
Warning (10492): VHDL Process Statement warning at input_handler.vhd(78): signal "internal_done" is read inside the Process Statement but isn't in the Process Statement's sensitivity list File: C:/FPGA/FPGA_Memory_game/input_handler.vhd Line: 78
Warning (10492): VHDL Process Statement warning at input_handler.vhd(79): signal "internal_success" is read inside the Process Statement but isn't in the Process Statement's sensitivity list File: C:/FPGA/FPGA_Memory_game/input_handler.vhd Line: 79
Warning (10631): VHDL Process Statement warning at input_handler.vhd(43): inferring latch(es) for signal or variable "internal_done", which holds its previous value in one or more paths through the process File: C:/FPGA/FPGA_Memory_game/input_handler.vhd Line: 43
Warning (10631): VHDL Process Statement warning at input_handler.vhd(43): inferring latch(es) for signal or variable "internal_success", which holds its previous value in one or more paths through the process File: C:/FPGA/FPGA_Memory_game/input_handler.vhd Line: 43
Warning (10631): VHDL Process Statement warning at input_handler.vhd(43): inferring latch(es) for signal or variable "score_update", which holds its previous value in one or more paths through the process File: C:/FPGA/FPGA_Memory_game/input_handler.vhd Line: 43
Warning (10631): VHDL Process Statement warning at input_handler.vhd(43): inferring latch(es) for signal or variable "combo", which holds its previous value in one or more paths through the process File: C:/FPGA/FPGA_Memory_game/input_handler.vhd Line: 43
Info (10041): Inferred latch for "combo[0]" at input_handler.vhd(43) File: C:/FPGA/FPGA_Memory_game/input_handler.vhd Line: 43
Info (10041): Inferred latch for "combo[1]" at input_handler.vhd(43) File: C:/FPGA/FPGA_Memory_game/input_handler.vhd Line: 43
Info (10041): Inferred latch for "combo[2]" at input_handler.vhd(43) File: C:/FPGA/FPGA_Memory_game/input_handler.vhd Line: 43
Info (10041): Inferred latch for "combo[3]" at input_handler.vhd(43) File: C:/FPGA/FPGA_Memory_game/input_handler.vhd Line: 43
Info (10041): Inferred latch for "combo[4]" at input_handler.vhd(43) File: C:/FPGA/FPGA_Memory_game/input_handler.vhd Line: 43
Info (10041): Inferred latch for "combo[5]" at input_handler.vhd(43) File: C:/FPGA/FPGA_Memory_game/input_handler.vhd Line: 43
Info (10041): Inferred latch for "combo[6]" at input_handler.vhd(43) File: C:/FPGA/FPGA_Memory_game/input_handler.vhd Line: 43
Info (10041): Inferred latch for "combo[7]" at input_handler.vhd(43) File: C:/FPGA/FPGA_Memory_game/input_handler.vhd Line: 43
Info (10041): Inferred latch for "combo[8]" at input_handler.vhd(43) File: C:/FPGA/FPGA_Memory_game/input_handler.vhd Line: 43
Info (10041): Inferred latch for "combo[9]" at input_handler.vhd(43) File: C:/FPGA/FPGA_Memory_game/input_handler.vhd Line: 43
Info (10041): Inferred latch for "combo[10]" at input_handler.vhd(43) File: C:/FPGA/FPGA_Memory_game/input_handler.vhd Line: 43
Info (10041): Inferred latch for "combo[11]" at input_handler.vhd(43) File: C:/FPGA/FPGA_Memory_game/input_handler.vhd Line: 43
Info (10041): Inferred latch for "combo[12]" at input_handler.vhd(43) File: C:/FPGA/FPGA_Memory_game/input_handler.vhd Line: 43
Info (10041): Inferred latch for "combo[13]" at input_handler.vhd(43) File: C:/FPGA/FPGA_Memory_game/input_handler.vhd Line: 43
Info (10041): Inferred latch for "combo[14]" at input_handler.vhd(43) File: C:/FPGA/FPGA_Memory_game/input_handler.vhd Line: 43
Info (10041): Inferred latch for "combo[15]" at input_handler.vhd(43) File: C:/FPGA/FPGA_Memory_game/input_handler.vhd Line: 43
Info (10041): Inferred latch for "combo[16]" at input_handler.vhd(43) File: C:/FPGA/FPGA_Memory_game/input_handler.vhd Line: 43
Info (10041): Inferred latch for "combo[17]" at input_handler.vhd(43) File: C:/FPGA/FPGA_Memory_game/input_handler.vhd Line: 43
Info (10041): Inferred latch for "combo[18]" at input_handler.vhd(43) File: C:/FPGA/FPGA_Memory_game/input_handler.vhd Line: 43
Info (10041): Inferred latch for "combo[19]" at input_handler.vhd(43) File: C:/FPGA/FPGA_Memory_game/input_handler.vhd Line: 43
Info (10041): Inferred latch for "combo[20]" at input_handler.vhd(43) File: C:/FPGA/FPGA_Memory_game/input_handler.vhd Line: 43
Info (10041): Inferred latch for "combo[21]" at input_handler.vhd(43) File: C:/FPGA/FPGA_Memory_game/input_handler.vhd Line: 43
Info (10041): Inferred latch for "combo[22]" at input_handler.vhd(43) File: C:/FPGA/FPGA_Memory_game/input_handler.vhd Line: 43
Info (10041): Inferred latch for "combo[23]" at input_handler.vhd(43) File: C:/FPGA/FPGA_Memory_game/input_handler.vhd Line: 43
Info (10041): Inferred latch for "combo[24]" at input_handler.vhd(43) File: C:/FPGA/FPGA_Memory_game/input_handler.vhd Line: 43
Info (10041): Inferred latch for "combo[25]" at input_handler.vhd(43) File: C:/FPGA/FPGA_Memory_game/input_handler.vhd Line: 43
Info (10041): Inferred latch for "combo[26]" at input_handler.vhd(43) File: C:/FPGA/FPGA_Memory_game/input_handler.vhd Line: 43
Info (10041): Inferred latch for "combo[27]" at input_handler.vhd(43) File: C:/FPGA/FPGA_Memory_game/input_handler.vhd Line: 43
Info (10041): Inferred latch for "combo[28]" at input_handler.vhd(43) File: C:/FPGA/FPGA_Memory_game/input_handler.vhd Line: 43
Info (10041): Inferred latch for "combo[29]" at input_handler.vhd(43) File: C:/FPGA/FPGA_Memory_game/input_handler.vhd Line: 43
Info (10041): Inferred latch for "combo[30]" at input_handler.vhd(43) File: C:/FPGA/FPGA_Memory_game/input_handler.vhd Line: 43
Info (10041): Inferred latch for "combo[31]" at input_handler.vhd(43) File: C:/FPGA/FPGA_Memory_game/input_handler.vhd Line: 43
Info (10041): Inferred latch for "score_update[0]" at input_handler.vhd(43) File: C:/FPGA/FPGA_Memory_game/input_handler.vhd Line: 43
Info (10041): Inferred latch for "score_update[1]" at input_handler.vhd(43) File: C:/FPGA/FPGA_Memory_game/input_handler.vhd Line: 43
Info (10041): Inferred latch for "score_update[2]" at input_handler.vhd(43) File: C:/FPGA/FPGA_Memory_game/input_handler.vhd Line: 43
Info (10041): Inferred latch for "score_update[3]" at input_handler.vhd(43) File: C:/FPGA/FPGA_Memory_game/input_handler.vhd Line: 43
Info (10041): Inferred latch for "score_update[4]" at input_handler.vhd(43) File: C:/FPGA/FPGA_Memory_game/input_handler.vhd Line: 43
Info (10041): Inferred latch for "score_update[5]" at input_handler.vhd(43) File: C:/FPGA/FPGA_Memory_game/input_handler.vhd Line: 43
Info (10041): Inferred latch for "score_update[6]" at input_handler.vhd(43) File: C:/FPGA/FPGA_Memory_game/input_handler.vhd Line: 43
Info (10041): Inferred latch for "score_update[7]" at input_handler.vhd(43) File: C:/FPGA/FPGA_Memory_game/input_handler.vhd Line: 43
Info (10041): Inferred latch for "score_update[8]" at input_handler.vhd(43) File: C:/FPGA/FPGA_Memory_game/input_handler.vhd Line: 43
Info (10041): Inferred latch for "score_update[9]" at input_handler.vhd(43) File: C:/FPGA/FPGA_Memory_game/input_handler.vhd Line: 43
Info (10041): Inferred latch for "score_update[10]" at input_handler.vhd(43) File: C:/FPGA/FPGA_Memory_game/input_handler.vhd Line: 43
Info (10041): Inferred latch for "score_update[11]" at input_handler.vhd(43) File: C:/FPGA/FPGA_Memory_game/input_handler.vhd Line: 43
Info (10041): Inferred latch for "score_update[12]" at input_handler.vhd(43) File: C:/FPGA/FPGA_Memory_game/input_handler.vhd Line: 43
Info (10041): Inferred latch for "score_update[13]" at input_handler.vhd(43) File: C:/FPGA/FPGA_Memory_game/input_handler.vhd Line: 43
Info (10041): Inferred latch for "score_update[14]" at input_handler.vhd(43) File: C:/FPGA/FPGA_Memory_game/input_handler.vhd Line: 43
Info (10041): Inferred latch for "score_update[15]" at input_handler.vhd(43) File: C:/FPGA/FPGA_Memory_game/input_handler.vhd Line: 43
Info (10041): Inferred latch for "score_update[16]" at input_handler.vhd(43) File: C:/FPGA/FPGA_Memory_game/input_handler.vhd Line: 43
Info (10041): Inferred latch for "score_update[17]" at input_handler.vhd(43) File: C:/FPGA/FPGA_Memory_game/input_handler.vhd Line: 43
Info (10041): Inferred latch for "score_update[18]" at input_handler.vhd(43) File: C:/FPGA/FPGA_Memory_game/input_handler.vhd Line: 43
Info (10041): Inferred latch for "score_update[19]" at input_handler.vhd(43) File: C:/FPGA/FPGA_Memory_game/input_handler.vhd Line: 43
Info (10041): Inferred latch for "score_update[20]" at input_handler.vhd(43) File: C:/FPGA/FPGA_Memory_game/input_handler.vhd Line: 43
Info (10041): Inferred latch for "score_update[21]" at input_handler.vhd(43) File: C:/FPGA/FPGA_Memory_game/input_handler.vhd Line: 43
Info (10041): Inferred latch for "score_update[22]" at input_handler.vhd(43) File: C:/FPGA/FPGA_Memory_game/input_handler.vhd Line: 43
Info (10041): Inferred latch for "score_update[23]" at input_handler.vhd(43) File: C:/FPGA/FPGA_Memory_game/input_handler.vhd Line: 43
Info (10041): Inferred latch for "score_update[24]" at input_handler.vhd(43) File: C:/FPGA/FPGA_Memory_game/input_handler.vhd Line: 43
Info (10041): Inferred latch for "score_update[25]" at input_handler.vhd(43) File: C:/FPGA/FPGA_Memory_game/input_handler.vhd Line: 43
Info (10041): Inferred latch for "score_update[26]" at input_handler.vhd(43) File: C:/FPGA/FPGA_Memory_game/input_handler.vhd Line: 43
Info (10041): Inferred latch for "score_update[27]" at input_handler.vhd(43) File: C:/FPGA/FPGA_Memory_game/input_handler.vhd Line: 43
Info (10041): Inferred latch for "score_update[28]" at input_handler.vhd(43) File: C:/FPGA/FPGA_Memory_game/input_handler.vhd Line: 43
Info (10041): Inferred latch for "score_update[29]" at input_handler.vhd(43) File: C:/FPGA/FPGA_Memory_game/input_handler.vhd Line: 43
Info (10041): Inferred latch for "score_update[30]" at input_handler.vhd(43) File: C:/FPGA/FPGA_Memory_game/input_handler.vhd Line: 43
Info (10041): Inferred latch for "score_update[31]" at input_handler.vhd(43) File: C:/FPGA/FPGA_Memory_game/input_handler.vhd Line: 43
Info (10041): Inferred latch for "internal_success" at input_handler.vhd(43) File: C:/FPGA/FPGA_Memory_game/input_handler.vhd Line: 43
Info (10041): Inferred latch for "internal_done" at input_handler.vhd(43) File: C:/FPGA/FPGA_Memory_game/input_handler.vhd Line: 43
Info (12128): Elaborating entity "draw" for hierarchy "draw:U1" File: C:/FPGA/FPGA_Memory_game/memory_game.vhd Line: 179
Warning (14284): Synthesized away the following node(s):
    Warning (14285): Synthesized away the following PLL node(s):
        Warning (14320): Synthesized away node "my_altpll:alt_pll_inst|my_altpll_0002:my_altpll_inst|altera_pll:altera_pll_i|outclk_wire[0]" File: c:/intelfpga_lite/16.1/quartus/libraries/megafunctions/altera_pll.v Line: 749
Warning (12241): 1 hierarchies have connectivity warnings - see the Connectivity Checks report folder
Warning (13024): Output pins are stuck at VCC or GND
    Warning (13410): Pin "vga_sync" is stuck at VCC File: C:/FPGA/FPGA_Memory_game/memory_game.vhd Line: 16
    Warning (13410): Pin "led_red" is stuck at GND File: C:/FPGA/FPGA_Memory_game/memory_game.vhd Line: 18
Info (286030): Timing-Driven Synthesis is running
Info (16010): Generating hard_block partition "hard_block:auto_generated_inst"
    Info (16011): Adding 0 node(s), including 0 DDIO, 0 PLL, 0 transceiver and 0 LCELL
Info (21057): Implemented 209 device resources after synthesis - the final resource count might be different
    Info (21058): Implemented 8 input pins
    Info (21059): Implemented 35 output pins
    Info (21061): Implemented 166 logic cells
Info: Quartus Prime Analysis & Synthesis was successful. 0 errors, 29 warnings
    Info: Peak virtual memory: 4855 megabytes
    Info: Processing ended: Mon May 03 21:35:43 2021
    Info: Elapsed time: 00:00:14
    Info: Total CPU time (on all processors): 00:00:30


